
> ss-casa-natura-v1@0.1.0 typecheck
> tsc --noEmit

